-------------------------------------------------------------------------------------------------------------------------
      name:  <unnamed>
       log:  C:\...\coal_production.log
  log type:  text
 opened on:  15 Jan 2015, 11:32:03

. 
. generate time = -97 + _n

. format time %tm

. tsset time
        time variable:  time, 1952m1 to 1959m12
                delta:  1 month

. 
. generate time2=tm(1952m1)+_n-1

. format time2 %tm

. 
. list time time2 in 1/5

     +-----------------+
     |   time    time2 |
     |-----------------|
  1. | 1952m1   1952m1 |
  2. | 1952m2   1952m2 |
  3. | 1952m3   1952m3 |
  4. | 1952m4   1952m4 |
  5. | 1952m5   1952m5 |
     +-----------------+

. 
. tsline coal_production, lwidth(thick)

. 
. ac coal_production, lags(24)

. pac coal_production, lags(24)

. 
. corrgram coal_production, lags(24)

                                          -1       0       1 -1       0       1
 LAG       AC       PAC      Q     Prob>Q  [Autocorrelation]  [Partial Autocor]
-------------------------------------------------------------------------------
1        0.6663   0.6663   43.961  0.0000          |-----             |-----   
2        0.5977   0.3113   79.711  0.0000          |----              |--      
3        0.5159   0.0876   106.63  0.0000          |----              |        
4        0.3776  -0.1333   121.21  0.0000          |---              -|        
5        0.3108  -0.0683    131.2  0.0000          |--                |        
6        0.2576  -0.0401   138.13  0.0000          |--                |        
7        0.2390   0.0240   144.17  0.0000          |-                 |        
8        0.2142   0.0226   149.08  0.0000          |-                 |        
9        0.1008  -0.0839   150.18  0.0000          |                  |        
10       0.1054  -0.0029   151.39  0.0000          |                  |        
11       0.0466  -0.0313   151.63  0.0000          |                  |        
12       0.0381   0.1069    151.8  0.0000          |                  |        
13      -0.0160  -0.0688   151.83  0.0000          |                  |        
14       0.0001   0.0732   151.83  0.0000          |                  |        
15       0.0269   0.0713   151.91  0.0000          |                  |        
16      -0.0147  -0.0594   151.93  0.0000          |                  |        
17      -0.0007   0.0041   151.94  0.0000          |                  |        
18      -0.0392  -0.0965   152.12  0.0000          |                  |        
19      -0.0824  -0.0394   152.95  0.0000          |                  |        
20      -0.1119  -0.0924    154.5  0.0000          |                  |        
21      -0.2210  -0.2424   160.63  0.0000         -|                 -|        
22      -0.2314  -0.0366   167.43  0.0000         -|                  |        
23      -0.2837  -0.1166   177.81  0.0000        --|                  |        
24      -0.3473  -0.1300   193.57  0.0000        --|                 -|        

. sum coal_production

    Variable |       Obs        Mean    Std. Dev.       Min        Max
-------------+--------------------------------------------------------
coal_produ~n |        96    37469.72    4468.253      28931      47730

. regress coal_production L1.coal_production L2.coal_production

      Source |       SS       df       MS              Number of obs =      94
-------------+------------------------------           F(  2,    91) =   46.12
       Model |   856796006     2   428398003           Prob > F      =  0.0000
    Residual |   845317521    91  9289203.52           R-squared     =  0.5034
-------------+------------------------------           Adj R-squared =  0.4925
       Total |  1.7021e+09    93    18302296           Root MSE      =  3047.8

------------------------------------------------------------------------------
coal_produ~n |      Coef.   Std. Err.      t    P>|t|     [95% Conf. Interval]
-------------+----------------------------------------------------------------
coal_produ~n |
         L1. |   .4317794   .0992874     4.35   0.000     .2345572    .6290015
         L2. |   .3112845   .0966694     3.22   0.002     .1192626    .5033064
             |
       _cons |   9461.016     2913.8     3.25   0.002      3673.11    15248.92
------------------------------------------------------------------------------

. arima coal_production, ar(1/2)

(setting optimization to BHHH)
Iteration 0:   log likelihood = -907.87009  
Iteration 1:   log likelihood = -907.49006  
Iteration 2:   log likelihood = -907.42789  
Iteration 3:   log likelihood = -907.40817  
Iteration 4:   log likelihood =  -907.4039  
(switching optimization to BFGS)
Iteration 5:   log likelihood =  -907.4018  
BFGS stepping has contracted, resetting BFGS Hessian (0)
Iteration 6:   log likelihood = -907.40066  
Iteration 7:   log likelihood = -907.40065  (backed up)
Iteration 8:   log likelihood = -907.40062  (backed up)
Iteration 9:   log likelihood = -907.40059  
Iteration 10:  log likelihood = -907.40059  
Iteration 11:  log likelihood = -907.40059  
Iteration 12:  log likelihood = -907.40059  
Iteration 13:  log likelihood = -907.40059  
Iteration 14:  log likelihood = -907.40058  
(switching optimization to BHHH)
Iteration 15:  log likelihood = -907.40058  
Iteration 16:  log likelihood = -907.40058  

ARIMA regression

Sample:  1952m1 - 1959m12                       Number of obs      =        96
                                                Wald chi2(2)       =    106.17
Log likelihood = -907.4006                      Prob > chi2        =    0.0000

------------------------------------------------------------------------------
             |                 OPG
coal_produ~n |      Coef.   Std. Err.      z    P>|z|     [95% Conf. Interval]
-------------+----------------------------------------------------------------
coal_produ~n |
       _cons |   37981.21   1409.507    26.95   0.000     35218.63    40743.79
-------------+----------------------------------------------------------------
ARMA         |
          ar |
         L1. |   .4839235   .0815506     5.93   0.000     .3240873    .6437597
         L2. |   .3223401   .0719627     4.48   0.000     .1812958    .4633844
-------------+----------------------------------------------------------------
      /sigma |    3066.34   186.4115    16.45   0.000      2700.98      3431.7
------------------------------------------------------------------------------

. arima coal_production, ar(1) ma(1)

(setting optimization to BHHH)
Iteration 0:   log likelihood = -911.15263  
Iteration 1:   log likelihood = -908.65192  
Iteration 2:   log likelihood = -908.19832  
Iteration 3:   log likelihood = -908.02386  
Iteration 4:   log likelihood = -907.98014  
(switching optimization to BFGS)
Iteration 5:   log likelihood = -907.96073  
Iteration 6:   log likelihood = -907.94919  
Iteration 7:   log likelihood = -907.94913  

ARIMA regression

Sample:  1952m1 - 1959m12                       Number of obs      =        96
                                                Wald chi2(2)       =    246.87
Log likelihood = -907.9491                      Prob > chi2        =    0.0000

------------------------------------------------------------------------------
             |                 OPG
coal_produ~n |      Coef.   Std. Err.      z    P>|z|     [95% Conf. Interval]
-------------+----------------------------------------------------------------
coal_produ~n |
       _cons |   37982.71   1463.531    25.95   0.000     35114.24    40851.17
-------------+----------------------------------------------------------------
ARMA         |
          ar |
         L1. |   .8860966   .0591459    14.98   0.000     .7701727     1.00202
             |
          ma |
         L1. |  -.3690676   .0956238    -3.86   0.000    -.5564868   -.1816484
-------------+----------------------------------------------------------------
      /sigma |   3084.761   196.4155    15.71   0.000     2699.794    3469.729
------------------------------------------------------------------------------

. 
. arima coal_production, ar(1/2)

(setting optimization to BHHH)
Iteration 0:   log likelihood = -907.87009  
Iteration 1:   log likelihood = -907.49006  
Iteration 2:   log likelihood = -907.42789  
Iteration 3:   log likelihood = -907.40817  
Iteration 4:   log likelihood =  -907.4039  
(switching optimization to BFGS)
Iteration 5:   log likelihood =  -907.4018  
BFGS stepping has contracted, resetting BFGS Hessian (0)
Iteration 6:   log likelihood = -907.40066  
Iteration 7:   log likelihood = -907.40065  (backed up)
Iteration 8:   log likelihood = -907.40062  (backed up)
Iteration 9:   log likelihood = -907.40059  
Iteration 10:  log likelihood = -907.40059  
Iteration 11:  log likelihood = -907.40059  
Iteration 12:  log likelihood = -907.40059  
Iteration 13:  log likelihood = -907.40059  
Iteration 14:  log likelihood = -907.40058  
(switching optimization to BHHH)
Iteration 15:  log likelihood = -907.40058  
Iteration 16:  log likelihood = -907.40058  

ARIMA regression

Sample:  1952m1 - 1959m12                       Number of obs      =        96
                                                Wald chi2(2)       =    106.17
Log likelihood = -907.4006                      Prob > chi2        =    0.0000

------------------------------------------------------------------------------
             |                 OPG
coal_produ~n |      Coef.   Std. Err.      z    P>|z|     [95% Conf. Interval]
-------------+----------------------------------------------------------------
coal_produ~n |
       _cons |   37981.21   1409.507    26.95   0.000     35218.63    40743.79
-------------+----------------------------------------------------------------
ARMA         |
          ar |
         L1. |   .4839235   .0815506     5.93   0.000     .3240873    .6437597
         L2. |   .3223401   .0719627     4.48   0.000     .1812958    .4633844
-------------+----------------------------------------------------------------
      /sigma |    3066.34   186.4115    16.45   0.000      2700.98      3431.7
------------------------------------------------------------------------------

. predict res_AR2, residuals

. ac res_AR2, lags(24) 

. pac res_AR2, lags(24)

. corrgram res_AR2, lags(24)

                                          -1       0       1 -1       0       1
 LAG       AC       PAC      Q     Prob>Q  [Autocorrelation]  [Partial Autocor]
-------------------------------------------------------------------------------
1       -0.0473  -0.0484   .22189  0.6376          |                  |        
2       -0.0609  -0.0676   .59365  0.7432          |                  |        
3        0.1196   0.1158    2.041  0.5639          |                  |        
4       -0.0666  -0.0538   2.4941  0.6457          |                  |        
5       -0.0577  -0.0518   2.8382  0.7249          |                  |        
6       -0.0457  -0.0755   3.0569  0.8017          |                  |        
7        0.0342   0.0324   3.1809  0.8678          |                  |        
8        0.1363   0.1624   5.1684  0.7394          |-                 |-       
9       -0.1285  -0.1163   6.9548  0.6418         -|                  |        
10       0.0115   0.0101   6.9693  0.7283          |                  |        
11      -0.0223  -0.0803   7.0243  0.7971          |                  |        
12       0.0196   0.0526   7.0674  0.8531          |                  |        
13      -0.1153  -0.1582   8.5741  0.8043          |                 -|        
14      -0.0249   0.0066    8.645  0.8531          |                  |        
15       0.0899   0.0780   9.5844  0.8450          |                  |        
16      -0.0372  -0.0220   9.7468  0.8795          |                  |        
17       0.0567   0.1083    10.13  0.8981          |                  |        
18       0.0381   0.0102   10.306  0.9215          |                  |        
19       0.0213   0.0739   10.361  0.9435          |                  |        
20       0.0801   0.0555   11.156  0.9421          |                  |        
21      -0.1183  -0.1196   12.911  0.9117          |                  |        
22       0.0132  -0.0068   12.933  0.9350          |                  |        
23       0.0082  -0.0795   12.942  0.9532          |                  |        
24      -0.1033  -0.1071   14.337  0.9387          |                  |        

. di 1-chi2(24, 14.337)
.93866913

. di 1-chi2(22, 14.337)
.88908811

. 
. arima coal_production, ar(1) ma(1)

(setting optimization to BHHH)
Iteration 0:   log likelihood = -911.15263  
Iteration 1:   log likelihood = -908.65192  
Iteration 2:   log likelihood = -908.19832  
Iteration 3:   log likelihood = -908.02386  
Iteration 4:   log likelihood = -907.98014  
(switching optimization to BFGS)
Iteration 5:   log likelihood = -907.96073  
Iteration 6:   log likelihood = -907.94919  
Iteration 7:   log likelihood = -907.94913  

ARIMA regression

Sample:  1952m1 - 1959m12                       Number of obs      =        96
                                                Wald chi2(2)       =    246.87
Log likelihood = -907.9491                      Prob > chi2        =    0.0000

------------------------------------------------------------------------------
             |                 OPG
coal_produ~n |      Coef.   Std. Err.      z    P>|z|     [95% Conf. Interval]
-------------+----------------------------------------------------------------
coal_produ~n |
       _cons |   37982.71   1463.531    25.95   0.000     35114.24    40851.17
-------------+----------------------------------------------------------------
ARMA         |
          ar |
         L1. |   .8860966   .0591459    14.98   0.000     .7701727     1.00202
             |
          ma |
         L1. |  -.3690676   .0956238    -3.86   0.000    -.5564868   -.1816484
-------------+----------------------------------------------------------------
      /sigma |   3084.761   196.4155    15.71   0.000     2699.794    3469.729
------------------------------------------------------------------------------

. predict res_ARMA11, residuals

. ac res_ARMA11, lags(24)

. pac res_ARMA11, lags(24)

. corrgram res_ARMA11, lags(24)

                                          -1       0       1 -1       0       1
 LAG       AC       PAC      Q     Prob>Q  [Autocorrelation]  [Partial Autocor]
-------------------------------------------------------------------------------
1       -0.0678  -0.0692    .4549  0.5000          |                  |        
2        0.0398   0.0321   .61312  0.7360          |                  |        
3        0.0922   0.1037   1.4733  0.6884          |                  |        
4       -0.0796  -0.0669   2.1218  0.7134          |                  |        
5       -0.0514  -0.0786   2.3953  0.7922          |                  |        
6       -0.0521  -0.0761   2.6793  0.8479          |                  |        
7        0.0161   0.0124   2.7067  0.9107          |                  |        
8        0.1227   0.1551   4.3166  0.8275          |                  |-       
9       -0.1409  -0.1292   6.4645  0.6927         -|                 -|        
10       0.0317   0.0093   6.5741  0.7650          |                  |        
11      -0.0577  -0.0937   6.9419  0.8038          |                  |        
12       0.0200   0.0532   6.9867  0.8585          |                  |        
13      -0.1138  -0.1374   8.4536  0.8128          |                 -|        
14      -0.0268  -0.0093   8.5363  0.8596          |                  |        
15       0.0841   0.0980   9.3574  0.8581          |                  |        
16      -0.0398  -0.0228   9.5439  0.8893          |                  |        
17       0.0735   0.1090   10.187  0.8956          |                  |        
18       0.0479   0.0254   10.464  0.9157          |                  |        
19       0.0204   0.0553   10.515  0.9391          |                  |        
20       0.0950   0.0744   11.632  0.9282          |                  |        
21      -0.1105  -0.1289   13.164  0.9028          |                 -|        
22       0.0238  -0.0216   13.235  0.9264          |                  |        
23      -0.0043  -0.0666   13.238  0.9466          |                  |        
24      -0.0938  -0.1058   14.387  0.9374          |                  |        

. di 1-chi2(22, 14.387)
.88717669

. 
. arima coal_production, ar(1/2)

(setting optimization to BHHH)
Iteration 0:   log likelihood = -907.87009  
Iteration 1:   log likelihood = -907.49006  
Iteration 2:   log likelihood = -907.42789  
Iteration 3:   log likelihood = -907.40817  
Iteration 4:   log likelihood =  -907.4039  
(switching optimization to BFGS)
Iteration 5:   log likelihood =  -907.4018  
BFGS stepping has contracted, resetting BFGS Hessian (0)
Iteration 6:   log likelihood = -907.40066  
Iteration 7:   log likelihood = -907.40065  (backed up)
Iteration 8:   log likelihood = -907.40062  (backed up)
Iteration 9:   log likelihood = -907.40059  
Iteration 10:  log likelihood = -907.40059  
Iteration 11:  log likelihood = -907.40059  
Iteration 12:  log likelihood = -907.40059  
Iteration 13:  log likelihood = -907.40059  
Iteration 14:  log likelihood = -907.40058  
(switching optimization to BHHH)
Iteration 15:  log likelihood = -907.40058  
Iteration 16:  log likelihood = -907.40058  

ARIMA regression

Sample:  1952m1 - 1959m12                       Number of obs      =        96
                                                Wald chi2(2)       =    106.17
Log likelihood = -907.4006                      Prob > chi2        =    0.0000

------------------------------------------------------------------------------
             |                 OPG
coal_produ~n |      Coef.   Std. Err.      z    P>|z|     [95% Conf. Interval]
-------------+----------------------------------------------------------------
coal_produ~n |
       _cons |   37981.21   1409.507    26.95   0.000     35218.63    40743.79
-------------+----------------------------------------------------------------
ARMA         |
          ar |
         L1. |   .4839235   .0815506     5.93   0.000     .3240873    .6437597
         L2. |   .3223401   .0719627     4.48   0.000     .1812958    .4633844
-------------+----------------------------------------------------------------
      /sigma |    3066.34   186.4115    16.45   0.000      2700.98      3431.7
------------------------------------------------------------------------------

. di log(3066.34^2)+2*(2+0)/96
16.098147

. di log(3066.34^2)+((2+0)/96)*log(96)
16.15157

. 
. arima coal_production, ar(1) ma(1)

(setting optimization to BHHH)
Iteration 0:   log likelihood = -911.15263  
Iteration 1:   log likelihood = -908.65192  
Iteration 2:   log likelihood = -908.19832  
Iteration 3:   log likelihood = -908.02386  
Iteration 4:   log likelihood = -907.98014  
(switching optimization to BFGS)
Iteration 5:   log likelihood = -907.96073  
Iteration 6:   log likelihood = -907.94919  
Iteration 7:   log likelihood = -907.94913  

ARIMA regression

Sample:  1952m1 - 1959m12                       Number of obs      =        96
                                                Wald chi2(2)       =    246.87
Log likelihood = -907.9491                      Prob > chi2        =    0.0000

------------------------------------------------------------------------------
             |                 OPG
coal_produ~n |      Coef.   Std. Err.      z    P>|z|     [95% Conf. Interval]
-------------+----------------------------------------------------------------
coal_produ~n |
       _cons |   37982.71   1463.531    25.95   0.000     35114.24    40851.17
-------------+----------------------------------------------------------------
ARMA         |
          ar |
         L1. |   .8860966   .0591459    14.98   0.000     .7701727     1.00202
             |
          ma |
         L1. |  -.3690676   .0956238    -3.86   0.000    -.5564868   -.1816484
-------------+----------------------------------------------------------------
      /sigma |   3084.761   196.4155    15.71   0.000     2699.794    3469.729
------------------------------------------------------------------------------

. di log(3084.761^2)+2*(1+1)/96
16.110126

. di log(3084.761^2)+((1+1)/96)*log(96)
16.16355

. 
. arima coal_production if time < -12, ar(1/2)

(setting optimization to BHHH)
Iteration 0:   log likelihood = -795.08566  
Iteration 1:   log likelihood = -794.77672  
Iteration 2:   log likelihood = -794.67193  
Iteration 3:   log likelihood = -794.65712  
Iteration 4:   log likelihood = -794.65515  
(switching optimization to BFGS)
Iteration 5:   log likelihood = -794.65473  
Iteration 6:   log likelihood =  -794.6505  
Iteration 7:   log likelihood = -794.65037  
Iteration 8:   log likelihood = -794.65036  

ARIMA regression

Sample:  1952m1 - 1958m12                       Number of obs      =        84
                                                Wald chi2(2)       =     88.28
Log likelihood = -794.6504                      Prob > chi2        =    0.0000

------------------------------------------------------------------------------
             |                 OPG
coal_produ~n |      Coef.   Std. Err.      z    P>|z|     [95% Conf. Interval]
-------------+----------------------------------------------------------------
coal_produ~n |
       _cons |    38395.6   1560.675    24.60   0.000     35336.73    41454.47
-------------+----------------------------------------------------------------
ARMA         |
          ar |
         L1. |   .4574245   .0965237     4.74   0.000     .2682415    .6466076
         L2. |   .3493262   .0759875     4.60   0.000     .2003935    .4982589
-------------+----------------------------------------------------------------
      /sigma |   3089.115   221.8593    13.92   0.000     2654.279    3523.951
------------------------------------------------------------------------------

. 
. list time coal_production in 1/84

     +--------------------+
     |    time   coal_p~n |
     |--------------------|
  1. |  1952m1      47730 |
  2. |  1952m2      46704 |
  3. |  1952m3      41535 |
  4. |  1952m4      41319 |
  5. |  1952m5      36962 |
     |--------------------|
  6. |  1952m6      32558 |
  7. |  1952m7      31995 |
  8. |  1952m8      32993 |
  9. |  1952m9      44834 |
 10. | 1952m10      29883 |
     |--------------------|
 11. | 1952m11      39611 |
 12. | 1952m12      40099 |
 13. |  1953m1      38051 |
 14. |  1953m2      36927 |
 15. |  1953m3      37272 |
     |--------------------|
 16. |  1953m4      39457 |
 17. |  1953m5      38097 |
 18. |  1953m6      40226 |
 19. |  1953m7      43589 |
 20. |  1953m8      39088 |
     |--------------------|
 21. |  1953m9      39409 |
 22. | 1953m10      37226 |
 23. | 1953m11      34421 |
 24. | 1953m12      34975 |
 25. |  1954m1      32710 |
     |--------------------|
 26. |  1954m2      31885 |
 27. |  1954m3      32106 |
 28. |  1954m4      30029 |
 29. |  1954m5      29501 |
 30. |  1954m6      31620 |
     |--------------------|
 31. |  1954m7      34205 |
 32. |  1954m8      32153 |
 33. |  1954m9      32764 |
 34. | 1954m10      33230 |
 35. | 1954m11      35636 |
     |--------------------|
 36. | 1954m12      35550 |
 37. |  1955m1      34529 |
 38. |  1955m2      37498 |
 39. |  1955m3      37229 |
 40. |  1955m4      36021 |
     |--------------------|
 41. |  1955m5      38281 |
 42. |  1955m6      36676 |
 43. |  1955m7      44541 |
 44. |  1955m8      40850 |
 45. |  1955m9      38404 |
     |--------------------|
 46. | 1955m10      37575 |
 47. | 1955m11      41476 |
 48. | 1955m12      42267 |
 49. |  1956m1      43062 |
 50. |  1956m2      45036 |
     |--------------------|
 51. |  1956m3      43769 |
 52. |  1956m4      42298 |
 53. |  1956m5      44412 |
 54. |  1956m6      40498 |
 55. |  1956m7      37830 |
     |--------------------|
 56. |  1956m8      42294 |
 57. |  1956m9      38330 |
 58. | 1956m10      43554 |
 59. | 1956m11      42579 |
 60. | 1956m12      36911 |
     |--------------------|
 61. |  1957m1      42541 |
 62. |  1957m2      42430 |
 63. |  1957m3      43465 |
 64. |  1957m4      44468 |
 65. |  1957m5      43597 |
     |--------------------|
 66. |  1957m6      40774 |
 67. |  1957m7      42573 |
 68. |  1957m8      41635 |
 69. |  1957m9      39030 |
 70. | 1957m10      41572 |
     |--------------------|
 71. | 1957m11      37027 |
 72. | 1957m12      34732 |
 73. |  1958m1      36817 |
 74. |  1958m2      34295 |
 75. |  1958m3      33218 |
     |--------------------|
 76. |  1958m4      32034 |
 77. |  1958m5      31417 |
 78. |  1958m6      35719 |
 79. |  1958m7      30001 |
 80. |  1958m8      33096 |
     |--------------------|
 81. |  1958m9      35196 |
 82. | 1958m10      36550 |
 83. | 1958m11      33463 |
 84. | 1958m12      37195 |
     +--------------------+

. 
. 
. set obs 120
obs was 96, now 120

. replace time = -97 + _n
(24 real changes made)

. format time %tm

. tsset time
        time variable:  time, 1952m1 to 1961m12
                delta:  1 month

.     
. arima coal_production if time < -12, ar(1/2)

(setting optimization to BHHH)
Iteration 0:   log likelihood = -795.08566  
Iteration 1:   log likelihood = -794.77672  
Iteration 2:   log likelihood = -794.67193  
Iteration 3:   log likelihood = -794.65712  
Iteration 4:   log likelihood = -794.65515  
(switching optimization to BFGS)
Iteration 5:   log likelihood = -794.65473  
Iteration 6:   log likelihood =  -794.6505  
Iteration 7:   log likelihood = -794.65037  
Iteration 8:   log likelihood = -794.65036  

ARIMA regression

Sample:  1952m1 - 1958m12                       Number of obs      =        84
                                                Wald chi2(2)       =     88.28
Log likelihood = -794.6504                      Prob > chi2        =    0.0000

------------------------------------------------------------------------------
             |                 OPG
coal_produ~n |      Coef.   Std. Err.      z    P>|z|     [95% Conf. Interval]
-------------+----------------------------------------------------------------
coal_produ~n |
       _cons |    38395.6   1560.675    24.60   0.000     35336.73    41454.47
-------------+----------------------------------------------------------------
ARMA         |
          ar |
         L1. |   .4574245   .0965237     4.74   0.000     .2682415    .6466076
         L2. |   .3493262   .0759875     4.60   0.000     .2003935    .4982589
-------------+----------------------------------------------------------------
      /sigma |   3089.115   221.8593    13.92   0.000     2654.279    3523.951
------------------------------------------------------------------------------

. 
. predict forecast_AR2, xb dynamic(-12)

. 
. twoway line coal_production forecast_AR2 time,  msize(medlarge medlarge) ///
>                                                 xline(564, lcolor(black) lpattern(dash)) ///
>                                                 yline(38395.6) legend(label(1 "coal_production"))

. 
. generate forecast_error_AR2=(coal_production-forecast_AR2)/coal_production in 85/96
(108 missing values generated)

. list time coal_production forecast_AR2 forecast_error_AR2 in 85/96

     +-------------------------------------------+
     |    time   coal_p~n   fo~t_AR2   for~r_AR2 |
     |-------------------------------------------|
 85. |  1959m1      34748   36123.33   -.0395801 |
 86. |  1959m2      36461   36936.81   -.0130498 |
 87. |  1959m3      35754   36934.55   -.0330187 |
 88. |  1959m4      36943   37217.68   -.0074353 |
 89. |  1959m5      35854   37346.41   -.0416247 |
     |-------------------------------------------|
 90. |  1959m6      37912    37504.2    .0107565 |
 91. |  1959m7      30095   37621.34   -.2500861 |
 92. |  1959m8      28931   37730.05    -.304139 |
 93. |  1959m9      31020   37820.69   -.2192357 |
 94. | 1959m10      31746   37900.13   -.1938553 |
     |-------------------------------------------|
 95. | 1959m11      34613   37968.13   -.0969326 |
 96. | 1959m12      37901   38026.98   -.0033239 |
     +-------------------------------------------+

. 
. log close
      name:  <unnamed>
       log:  C:\...\coal_production.log
  log type:  text
 closed on:  15 Jan 2015, 11:32:12
-------------------------------------------------------------------------------------------------------------------------
